MPLINK 4.43, Linker
Linker Map File - Created Fri Nov 06 16:17:24 2015

                                 Section Info
                  Section       Type    Address   Location Size(Bytes)
                ---------  ---------  ---------  ---------  ---------
                   .org_0       code   0x000000    program   0x0001bc



                              Program Memory Usage 
                               Start         End      
                           ---------   ---------      
                            0x000000    0x0000dd      
            222 out of 1094 program addresses used, program memory utilization is 20%



                              Symbols - Sorted by Name
                     Name    Address   Location    Storage File                     
                ---------  ---------  ---------  --------- ---------                
                 checksum   0x000087    program     static C:\pic projects\onandoff\software\encoder.asm
                  decrypt   0x0000ae    program     static C:\pic projects\onandoff\software\encoder.asm
               decryptone   0x0000c2    program     static C:\pic projects\onandoff\software\encoder.asm
              decryptzero   0x0000c6    program     static C:\pic projects\onandoff\software\encoder.asm
                    delay   0x0000ca    program     static C:\pic projects\onandoff\software\encoder.asm
                   delay1   0x0000d4    program     static C:\pic projects\onandoff\software\encoder.asm
                    frank   0x0000cd    program     static C:\pic projects\onandoff\software\encoder.asm
                   frank1   0x0000d7    program     static C:\pic projects\onandoff\software\encoder.asm
                      one   0x0000a0    program     static C:\pic projects\onandoff\software\encoder.asm
                  operate   0x000039    program     static C:\pic projects\onandoff\software\encoder.asm
               pin0encode   0x000029    program     static C:\pic projects\onandoff\software\encoder.asm
               pin1encode   0x00002d    program     static C:\pic projects\onandoff\software\encoder.asm
               pin2encode   0x000031    program     static C:\pic projects\onandoff\software\encoder.asm
               pin3encode   0x000035    program     static C:\pic projects\onandoff\software\encoder.asm
                 preamble   0x00004e    program     static C:\pic projects\onandoff\software\encoder.asm
                   setb00   0x00009a    program     static C:\pic projects\onandoff\software\encoder.asm
                   setb01   0x00009d    program     static C:\pic projects\onandoff\software\encoder.asm
                    start   0x00001c    program     static C:\pic projects\onandoff\software\encoder.asm
                 transmit   0x000062    program     static C:\pic projects\onandoff\software\encoder.asm
                     zero   0x0000a7    program     static C:\pic projects\onandoff\software\encoder.asm



                              Symbols - Sorted by Address
                     Name    Address   Location    Storage File                     
                ---------  ---------  ---------  --------- ---------                
                    start   0x00001c    program     static C:\pic projects\onandoff\software\encoder.asm
               pin0encode   0x000029    program     static C:\pic projects\onandoff\software\encoder.asm
               pin1encode   0x00002d    program     static C:\pic projects\onandoff\software\encoder.asm
               pin2encode   0x000031    program     static C:\pic projects\onandoff\software\encoder.asm
               pin3encode   0x000035    program     static C:\pic projects\onandoff\software\encoder.asm
                  operate   0x000039    program     static C:\pic projects\onandoff\software\encoder.asm
                 preamble   0x00004e    program     static C:\pic projects\onandoff\software\encoder.asm
                 transmit   0x000062    program     static C:\pic projects\onandoff\software\encoder.asm
                 checksum   0x000087    program     static C:\pic projects\onandoff\software\encoder.asm
                   setb00   0x00009a    program     static C:\pic projects\onandoff\software\encoder.asm
                   setb01   0x00009d    program     static C:\pic projects\onandoff\software\encoder.asm
                      one   0x0000a0    program     static C:\pic projects\onandoff\software\encoder.asm
                     zero   0x0000a7    program     static C:\pic projects\onandoff\software\encoder.asm
                  decrypt   0x0000ae    program     static C:\pic projects\onandoff\software\encoder.asm
               decryptone   0x0000c2    program     static C:\pic projects\onandoff\software\encoder.asm
              decryptzero   0x0000c6    program     static C:\pic projects\onandoff\software\encoder.asm
                    delay   0x0000ca    program     static C:\pic projects\onandoff\software\encoder.asm
                    frank   0x0000cd    program     static C:\pic projects\onandoff\software\encoder.asm
                   delay1   0x0000d4    program     static C:\pic projects\onandoff\software\encoder.asm
                   frank1   0x0000d7    program     static C:\pic projects\onandoff\software\encoder.asm


