MPLINK 4.43, Linker
Linker Map File - Created Fri Nov 27 17:23:01 2015

                                 Section Info
                  Section       Type    Address   Location Size(Bytes)
                ---------  ---------  ---------  ---------  ---------
                   .org_0       code   0x000000    program   0x0001c4



                              Program Memory Usage 
                               Start         End      
                           ---------   ---------      
                            0x000000    0x0000e1      
            226 out of 1094 program addresses used, program memory utilization is 20%



                              Symbols - Sorted by Name
                     Name    Address   Location    Storage File                     
                ---------  ---------  ---------  --------- ---------                
                 checksum   0x00008b    program     static C:\pic projects\onandoff\software\encoder.asm
                  decrypt   0x0000b2    program     static C:\pic projects\onandoff\software\encoder.asm
               decryptone   0x0000c6    program     static C:\pic projects\onandoff\software\encoder.asm
              decryptzero   0x0000ca    program     static C:\pic projects\onandoff\software\encoder.asm
                    delay   0x0000ce    program     static C:\pic projects\onandoff\software\encoder.asm
                   delay1   0x0000d8    program     static C:\pic projects\onandoff\software\encoder.asm
                    frank   0x0000d1    program     static C:\pic projects\onandoff\software\encoder.asm
                   frank1   0x0000db    program     static C:\pic projects\onandoff\software\encoder.asm
                      one   0x0000a4    program     static C:\pic projects\onandoff\software\encoder.asm
                  operate   0x00003b    program     static C:\pic projects\onandoff\software\encoder.asm
               pin0encode   0x00002b    program     static C:\pic projects\onandoff\software\encoder.asm
               pin1encode   0x00002f    program     static C:\pic projects\onandoff\software\encoder.asm
               pin2encode   0x000033    program     static C:\pic projects\onandoff\software\encoder.asm
               pin3encode   0x000037    program     static C:\pic projects\onandoff\software\encoder.asm
                 preamble   0x000053    program     static C:\pic projects\onandoff\software\encoder.asm
                   setb00   0x00009e    program     static C:\pic projects\onandoff\software\encoder.asm
                   setb01   0x0000a1    program     static C:\pic projects\onandoff\software\encoder.asm
                    start   0x00001d    program     static C:\pic projects\onandoff\software\encoder.asm
                 transmit   0x000066    program     static C:\pic projects\onandoff\software\encoder.asm
                  trigger   0x000051    program     static C:\pic projects\onandoff\software\encoder.asm
                     zero   0x0000ab    program     static C:\pic projects\onandoff\software\encoder.asm



                              Symbols - Sorted by Address
                     Name    Address   Location    Storage File                     
                ---------  ---------  ---------  --------- ---------                
                    start   0x00001d    program     static C:\pic projects\onandoff\software\encoder.asm
               pin0encode   0x00002b    program     static C:\pic projects\onandoff\software\encoder.asm
               pin1encode   0x00002f    program     static C:\pic projects\onandoff\software\encoder.asm
               pin2encode   0x000033    program     static C:\pic projects\onandoff\software\encoder.asm
               pin3encode   0x000037    program     static C:\pic projects\onandoff\software\encoder.asm
                  operate   0x00003b    program     static C:\pic projects\onandoff\software\encoder.asm
                  trigger   0x000051    program     static C:\pic projects\onandoff\software\encoder.asm
                 preamble   0x000053    program     static C:\pic projects\onandoff\software\encoder.asm
                 transmit   0x000066    program     static C:\pic projects\onandoff\software\encoder.asm
                 checksum   0x00008b    program     static C:\pic projects\onandoff\software\encoder.asm
                   setb00   0x00009e    program     static C:\pic projects\onandoff\software\encoder.asm
                   setb01   0x0000a1    program     static C:\pic projects\onandoff\software\encoder.asm
                      one   0x0000a4    program     static C:\pic projects\onandoff\software\encoder.asm
                     zero   0x0000ab    program     static C:\pic projects\onandoff\software\encoder.asm
                  decrypt   0x0000b2    program     static C:\pic projects\onandoff\software\encoder.asm
               decryptone   0x0000c6    program     static C:\pic projects\onandoff\software\encoder.asm
              decryptzero   0x0000ca    program     static C:\pic projects\onandoff\software\encoder.asm
                    delay   0x0000ce    program     static C:\pic projects\onandoff\software\encoder.asm
                    frank   0x0000d1    program     static C:\pic projects\onandoff\software\encoder.asm
                   delay1   0x0000d8    program     static C:\pic projects\onandoff\software\encoder.asm
                   frank1   0x0000db    program     static C:\pic projects\onandoff\software\encoder.asm


