MPLINK 4.43, Linker
Linker Map File - Created Mon Nov 09 21:34:30 2015

                                 Section Info
                  Section       Type    Address   Location Size(Bytes)
                ---------  ---------  ---------  ---------  ---------
                   .org_0       code   0x000000    program   0x00008a



                              Program Memory Usage 
                               Start         End      
                           ---------   ---------      
                            0x000000    0x000044      
            69 out of 1094 program addresses used, program memory utilization is 6%



                              Symbols - Sorted by Name
                     Name    Address   Location    Storage File                     
                ---------  ---------  ---------  --------- ---------                
                      on1   0x000029    program     static C:\pic projects\onandoff\software\fluidlevelcontroller.asm
                      on2   0x00002f    program     static C:\pic projects\onandoff\software\fluidlevelcontroller.asm
                      on3   0x000034    program     static C:\pic projects\onandoff\software\fluidlevelcontroller.asm
                      on4   0x000039    program     static C:\pic projects\onandoff\software\fluidlevelcontroller.asm
                      on5   0x00003f    program     static C:\pic projects\onandoff\software\fluidlevelcontroller.asm
                    start   0x00000f    program     static C:\pic projects\onandoff\software\fluidlevelcontroller.asm



                              Symbols - Sorted by Address
                     Name    Address   Location    Storage File                     
                ---------  ---------  ---------  --------- ---------                
                    start   0x00000f    program     static C:\pic projects\onandoff\software\fluidlevelcontroller.asm
                      on1   0x000029    program     static C:\pic projects\onandoff\software\fluidlevelcontroller.asm
                      on2   0x00002f    program     static C:\pic projects\onandoff\software\fluidlevelcontroller.asm
                      on3   0x000034    program     static C:\pic projects\onandoff\software\fluidlevelcontroller.asm
                      on4   0x000039    program     static C:\pic projects\onandoff\software\fluidlevelcontroller.asm
                      on5   0x00003f    program     static C:\pic projects\onandoff\software\fluidlevelcontroller.asm


