MPLINK 4.43, Linker
Linker Map File - Created Fri Sep 04 23:18:24 2015

                                 Section Info
                  Section       Type    Address   Location Size(Bytes)
                ---------  ---------  ---------  ---------  ---------
                   .org_0       code   0x000000    program   0x000042



                              Program Memory Usage 
                               Start         End      
                           ---------   ---------      
                            0x000000    0x000020      
            33 out of 1094 program addresses used, program memory utilization is 3%



                              Symbols - Sorted by Name
                     Name    Address   Location    Storage File                     
                ---------  ---------  ---------  --------- ---------                
                    delay   0x00000b    program     static C:\pic projects\onandoff\software\onled.asm
                    first   0x00000b    program     static C:\pic projects\onandoff\software\onled.asm
                   onesec   0x000017    program     static C:\pic projects\onandoff\software\onled.asm
                   second   0x000011    program     static C:\pic projects\onandoff\software\onled.asm
                    start   0x000004    program     static C:\pic projects\onandoff\software\onled.asm



                              Symbols - Sorted by Address
                     Name    Address   Location    Storage File                     
                ---------  ---------  ---------  --------- ---------                
                    start   0x000004    program     static C:\pic projects\onandoff\software\onled.asm
                    delay   0x00000b    program     static C:\pic projects\onandoff\software\onled.asm
                    first   0x00000b    program     static C:\pic projects\onandoff\software\onled.asm
                   second   0x000011    program     static C:\pic projects\onandoff\software\onled.asm
                   onesec   0x000017    program     static C:\pic projects\onandoff\software\onled.asm


