MPASM  5.46                      RECEIVER.ASM   11-26-2015  20:07:27         PAGE  1


LOC  OBJECT CODE     LINE SOURCE TEXT
  VALUE

                      00001 ;assignment of variables to memory
  00000006            00002 portb   equ 06h
  00000005            00003 porta   equ     05h
  00000001            00004 optionreg       equ     01h
  00000003            00005 status  equ     03h
  0000000B            00006 interrupt       equ     0bh
                      00007 ;temp   equ     0dh
  00000001            00008 tmr0    equ     01h
  0000001F            00009 CMCON   equ     1fh
                      00010         cblock 20h
  00000020            00011 receiver
  00000021            00012 work    
  00000022            00013 decode  
  00000023            00014 counter
  00000024            00015 checker
  00000025            00016 pin0
  00000026            00017 pin1
  00000027            00018 pin2
  00000028            00019 pin3
  00000029            00020 pin4
  0000002A            00021 temp
  0000002B            00022 onstate
  0000002C            00023 receivedbyte
  0000002D            00024 startbyte
  0000002E            00025 checkbyte
  0000002F            00026 bitcheck
  00000030            00027 controldelay
                      00028         endc
                      00029 
0000   3007           00030         movlw 0x07
0001   009F           00031         movwf CMCON             ;sets porta to digital I/O
0002   1683           00032         bsf status,5    ;I/O port setup in bank1
0003   3000           00033         movlw 00h
0004   0086           00034         movwf portb             ;input and ouput pin setup on portb
0005   3005           00035         movlw b'00000101'
0006   0085           00036         movwf porta             
0007   30D2           00037         movlw b'11010010'
0008   0081           00038         movwf optionreg ;opreg setup for prescaler,TOCS and TOSE
0009   1283           00039         bcf status,5    ;switches back to bank0
000A   3000           00040         movlw 00h
000B   008B           00041         movwf interrupt
000C   168B           00042         bsf interrupt,5 ;TMR0IE
000D   3000           00043         movlw 00h
000E   0086           00044         movwf portb     ;portb initialization
000F   3000           00045         movlw b'00000000'
0010   00A5           00046         movwf pin0
0011   3001           00047         movlw b'00000001'
0012   00A6           00048         movwf pin1
0013   3002           00049         movlw b'00000010'
0014   00A7           00050         movwf pin2
0015   3003           00051         movlw b'00000011'
0016   00A8           00052         movwf pin3
0017   30AA           00053         movlw b'10101010'
MPASM  5.46                      RECEIVER.ASM   11-26-2015  20:07:27         PAGE  2


LOC  OBJECT CODE     LINE SOURCE TEXT
  VALUE

0018   00AE           00054         movwf checkbyte
                      00055 
0019                  00056 prestart:
0019   300A           00057         movlw d'10'
001A   00B0           00058         movwf controldelay
001B                  00059 times:
001B   2120           00060         call delay3
001C   0BB0           00061         decfsz controldelay,1
001D   281B           00062         goto times
                      00063 
001E                  00064 start:
001E   3000           00065         movlw 00h       
001F   00A0           00066         movwf receiver  ;initializes receiver register with zeros
0020   00A2           00067         movwf decode    ;initializes decode register with zeros
0021   00AC           00068         movwf receivedbyte
0022   00A4           00069         movwf checker
0023   1C05           00070         btfss porta,0
0024   2026           00071         call preamble
0025   281E           00072         goto start              ;goes back to start
                      00073 
0026                  00074 preamble:
0026   2116           00075         call delay1
0027   1C05           00076         btfss porta,0
0028   20F8           00077         call zeroth1
0029   1805           00078         btfsc porta,0
002A   20FD           00079         call oneth1
002B   210C           00080         call delay
                      00081 
002C   1C05           00082         btfss porta,0
002D   20F8           00083         call zeroth1
002E   1805           00084         btfsc porta,0
002F   20FD           00085         call oneth1
0030   210C           00086         call delay
                      00087 
0031   1C05           00088         btfss porta,0
0032   20F8           00089         call zeroth1
0033   1805           00090         btfsc porta,0
0034   20FD           00091         call oneth1
0035   210C           00092         call delay
                      00093 
0036   1C05           00094         btfss porta,0
0037   20F8           00095         call zeroth1
0038   1805           00096         btfsc porta,0
0039   20FD           00097         call oneth1
003A   210C           00098         call delay
                      00099 
003B   1C05           00100         btfss porta,0
003C   20F8           00101         call zeroth1
003D   1805           00102         btfsc porta,0
003E   20FD           00103         call oneth1
003F   210C           00104         call delay
                      00105 
0040   1C05           00106         btfss porta,0
MPASM  5.46                      RECEIVER.ASM   11-26-2015  20:07:27         PAGE  3


LOC  OBJECT CODE     LINE SOURCE TEXT
  VALUE

0041   20F8           00107         call zeroth1
0042   1805           00108         btfsc porta,0
0043   20FD           00109         call oneth1
0044   210C           00110         call delay
                      00111 
0045   1C05           00112         btfss porta,0
0046   20F8           00113         call zeroth1
0047   1805           00114         btfsc porta,0
0048   20FD           00115         call oneth1
0049   210C           00116         call delay
                      00117 
004A   1C05           00118         btfss porta,0
004B   20F8           00119         call zeroth1
004C   1805           00120         btfsc porta,0
004D   20FD           00121         call oneth1
004E   210C           00122         call delay
004F   0DAD           00123         rlf startbyte,1
0050   0DAD           00124         rlf startbyte,1
0051   2116           00125         call delay1
                      00126 
0052   1103           00127         bcf status,2
0053   30AA           00128         movlw b'10101010'
Message[305]: Using default destination of 1 (file).
0054   06AD           00129         xorwf startbyte
0055   1903           00130         btfsc status,2
0056   2058           00131         call reception
0057   0008           00132         return
                      00133 
0058                  00134 reception:      ;triggers the receiver
0058   2092           00135         call operation  ;calls the subroutine that accepts the bits
0059   1103           00136         bcf status,2
005A   082C           00137         movf receivedbyte,0
005B   062E           00138         xorwf checkbyte,0
005C   1903           00139         btfsc status,2
005D   2134           00140         call decrypt    ;decoded the received signal
005E   1103           00141         bcf status,2
005F   082C           00142         movf receivedbyte,0
0060   062E           00143         xorwf checkbyte,0
0061   1903           00144         btfsc status,2 
0062   2064           00145         call switch
                      00146         
                      00147 
0063   0008           00148         return
                      00149 
0064                  00150 switch:         ;this subroutine checks it the decoded signal matches the supposed values in memory
0064   1103           00151         bcf status,2
0065   0822           00152         movf decode,0   ;moves the value of decoded signal to the working register
0066   0628           00153         xorwf pin3,0    ;xors the value of the working register with pin3 and stores answer in working r
                            egister
0067   1903           00154         btfsc status,2  ;checks if the signal matches the content of pin3 by checking the state of the z
                            ero flag
0068   208C           00155         call onandoff3
0069   1103           00156         bcf status,2
MPASM  5.46                      RECEIVER.ASM   11-26-2015  20:07:27         PAGE  4


LOC  OBJECT CODE     LINE SOURCE TEXT
  VALUE

006A   0822           00157         movf decode,0   ;moves the value of decoded signal to the working register
006B   0627           00158         xorwf pin2,0    ;xors the value of the working register with pin2 and stores answer in working r
                            egister
006C   1903           00159         btfsc status,2  ;checks if the signal matches the content of pin2 by checking the state of the z
                            ero flag
006D   2086           00160         call onandoff2
006E   1103           00161         bcf status,2
006F   0822           00162         movf decode,0   ;moves the value of decoded signal to the working register
0070   0626           00163         xorwf pin1,0    ;xors the value of the working register with pin1 and stores answer in working r
                            egister
0071   1903           00164         btfsc status,2  ;checks if the signal matches the content of pin1 by checking the state of the z
                            ero flag
0072   2080           00165         call onandoff1
0073   1103           00166         bcf status,2
0074   0822           00167         movf decode,0   ;moves the value of decoded signal to the working register
0075   0625           00168         xorwf pin0,0    ;xors the value of the working register with pin0 and stores answer in working r
                            egister
0076   1903           00169         btfsc status,2  ;checks if the signal matches the content of pin0 by checking the state of the z
                            ero flag
0077   207A           00170         call onandoff0
0078   1103           00171         bcf status,2
0079   0008           00172         return
                      00173 
007A                  00174 onandoff0:
007A   1406           00175         bsf portb,0
007B   3001           00176         movlw b'00000001'
007C   06AB           00177         xorwf onstate,1
007D   082B           00178         movf onstate,0
007E   0086           00179         movwf portb
007F   0008           00180         return
                      00181 
0080                  00182 onandoff1:
0080   1486           00183         bsf portb,1
0081   3002           00184         movlw b'00000010'
0082   06AB           00185         xorwf onstate,1
0083   082B           00186         movf onstate,0
0084   0086           00187         movwf portb
0085   0008           00188         return
                      00189 
0086                  00190 onandoff2:
0086   1506           00191         bsf portb,2
0087   3004           00192         movlw b'00000100'
0088   06AB           00193         xorwf onstate,1
0089   082B           00194         movf onstate,0
008A   0086           00195         movwf portb
008B   0008           00196         return
                      00197 
008C                  00198 onandoff3:
008C   1586           00199         bsf portb,3
008D   3008           00200         movlw b'00001000'
008E   06AB           00201         xorwf onstate,1
008F   082B           00202         movf onstate,0
0090   0086           00203         movwf portb
MPASM  5.46                      RECEIVER.ASM   11-26-2015  20:07:27         PAGE  5


LOC  OBJECT CODE     LINE SOURCE TEXT
  VALUE

0091   0008           00204         return
                      00205 
                      00206 
0092                  00207 operation:                      ;actual reception goes on here. This subroutine checks the status of pin
                            o every 160ms to ascertain 
                      00208 ;the status of the pin then calls up the appropriate subroutine
0092   1405           00209         bsf porta,0
0093   2116           00210         call delay1
                      00211 
0094   1C05           00212         btfss porta,0
0095   2102           00213         call zero
0096   1805           00214         btfsc porta,0
0097   2107           00215         call one
0098   210C           00216         call delay
                      00217 
0099   1C05           00218         btfss porta,0
009A   2102           00219         call zero
009B   1805           00220         btfsc porta,0
009C   2107           00221         call one
009D   210C           00222         call delay
                      00223 
009E   1C05           00224         btfss porta,0
009F   2102           00225         call zero
00A0   1805           00226         btfsc porta,0
00A1   2107           00227         call one
00A2   210C           00228         call delay
                      00229 
00A3   1C05           00230         btfss porta,0
00A4   2102           00231         call zero
00A5   1805           00232         btfsc porta,0
00A6   2107           00233         call one
00A7   210C           00234         call delay
                      00235 
00A8   1C05           00236         btfss porta,0
00A9   2102           00237         call zero
00AA   1805           00238         btfsc porta,0
00AB   2107           00239         call one
00AC   210C           00240         call delay
                      00241 
00AD   1C05           00242         btfss porta,0
00AE   2102           00243         call zero
00AF   1805           00244         btfsc porta,0
00B0   2107           00245         call one
00B1   210C           00246         call delay
                      00247 
00B2   1C05           00248         btfss porta,0
00B3   2102           00249         call zero
00B4   1805           00250         btfsc porta,0
00B5   2107           00251         call one
00B6   210C           00252         call delay
                      00253 
00B7   1C05           00254         btfss porta,0
00B8   2102           00255         call zero
MPASM  5.46                      RECEIVER.ASM   11-26-2015  20:07:27         PAGE  6


LOC  OBJECT CODE     LINE SOURCE TEXT
  VALUE

00B9   1805           00256         btfsc porta,0
00BA   2107           00257         call one
00BB   210C           00258         call delay
00BC   1005           00259         bcf porta,0
00BD   210C           00260         call delay
00BE   0DA0           00261         rlf receiver,1  ;rotates the receiver register left through carry once
00BF   20C1           00262         call bytecheck
00C0   0008           00263         return
                      00264 
00C1                  00265 bytecheck:
00C1   2116           00266         call delay1
00C2   1C05           00267         btfss porta,0
00C3   20EE           00268         call zeroth
00C4   1805           00269         btfsc porta,0
00C5   20F3           00270         call oneth
00C6   210C           00271         call delay
                      00272 
00C7   1C05           00273         btfss porta,0
00C8   20EE           00274         call zeroth
00C9   1805           00275         btfsc porta,0
00CA   20F3           00276         call oneth
00CB   210C           00277         call delay
                      00278 
00CC   1C05           00279         btfss porta,0
00CD   20EE           00280         call zeroth
00CE   1805           00281         btfsc porta,0
00CF   20F3           00282         call oneth
00D0   210C           00283         call delay
                      00284 
00D1   1C05           00285         btfss porta,0
00D2   20EE           00286         call zeroth
00D3   1805           00287         btfsc porta,0
00D4   20F3           00288         call oneth
00D5   210C           00289         call delay
                      00290 
00D6   1C05           00291         btfss porta,0
00D7   20EE           00292         call zeroth
00D8   1805           00293         btfsc porta,0
00D9   20F3           00294         call oneth
00DA   210C           00295         call delay
                      00296 
00DB   1C05           00297         btfss porta,0
00DC   20EE           00298         call zeroth
00DD   1805           00299         btfsc porta,0
00DE   20F3           00300         call oneth
00DF   210C           00301         call delay
                      00302 
00E0   1C05           00303         btfss porta,0
00E1   20EE           00304         call zeroth
00E2   1805           00305         btfsc porta,0
00E3   20F3           00306         call oneth
00E4   210C           00307         call delay
                      00308 
MPASM  5.46                      RECEIVER.ASM   11-26-2015  20:07:27         PAGE  7


LOC  OBJECT CODE     LINE SOURCE TEXT
  VALUE

00E5   1C05           00309         btfss porta,0
00E6   20EE           00310         call zeroth
00E7   1805           00311         btfsc porta,0
00E8   20F3           00312         call oneth
00E9   210C           00313         call delay
00EA   0DAC           00314         rlf receivedbyte,1
00EB   0DAC           00315         rlf receivedbyte,1
00EC   2116           00316         call delay1
00ED   0008           00317         return
                      00318 
00EE                  00319 zeroth:
00EE   1085           00320         bcf porta,1
00EF   3000           00321         movlw b'00000000'       
00F0   06AC           00322         xorwf receivedbyte,1    ;xors the value in the working register with that in the receiver
00F1   0CAC           00323         rrf receivedbyte,1              ;rotates the content of receiver right through carry
00F2   0008           00324         return
                      00325 
00F3                  00326 oneth:
00F3   1485           00327         bsf porta,1
00F4   3080           00328         movlw b'10000000'
00F5   06AC           00329         xorwf receivedbyte,1    ;xors the value in the working register with that in the receiver
00F6   0CAC           00330         rrf receivedbyte,1              ;rotates the content of receiver right through carry
00F7   0008           00331         return
                      00332 
00F8                  00333 zeroth1:
00F8   1085           00334         bcf porta,1
00F9   3000           00335         movlw b'00000000'       
00FA   06AD           00336         xorwf startbyte,1       ;xors the value in the working register with that in the receiver
00FB   0CAD           00337         rrf startbyte,1         ;rotates the content of receiver right through carry
00FC   0008           00338         return
                      00339 
00FD                  00340 oneth1:
00FD   1485           00341         bsf porta,1
00FE   3080           00342         movlw b'10000000'
00FF   06AD           00343         xorwf startbyte,1       ;xors the value in the working register with that in the receiver
0100   0CAD           00344         rrf startbyte,1         ;rotates the content of receiver right through carry
0101   0008           00345         return
                      00346 
0102                  00347 zero:
0102   1085           00348         bcf porta,1
0103   3000           00349         movlw b'00000000'       
0104   06A0           00350         xorwf receiver,1        ;xors the value in the working register with that in the receiver
0105   0CA0           00351         rrf receiver,1          ;rotates the content of receiver right through carry
0106   0008           00352         return
                      00353 
0107                  00354 one:
0107   1485           00355         bsf porta,1
0108   3080           00356         movlw b'10000000'
0109   06A0           00357         xorwf receiver,1        ;xors the value in the working register with that in the receiver
010A   0CA0           00358         rrf receiver,1          ;rotates the content of receiver right through carry
010B   0008           00359         return
                      00360 
                      00361 
MPASM  5.46                      RECEIVER.ASM   11-26-2015  20:07:27         PAGE  8


LOC  OBJECT CODE     LINE SOURCE TEXT
  VALUE

010C                  00362 delay:          ;time delay using interrupt and time zero
010C   0181           00363         clrf tmr0
010D   3008           00364         movlw d'8'
010E   00A3           00365     movwf counter
010F                  00366 frank:
010F   1D0B           00367     btfss interrupt,2
0110   290F           00368     goto frank
0111   110B           00369     bcf interrupt,2
0112   0BA3           00370     decfsz counter,1
0113   290F           00371     goto frank
0114   110B           00372     bcf interrupt,2
0115   0008           00373     return
                      00374 
0116                  00375 delay1:         ;time delay usinf interrupt and time zero
0116   0181           00376         clrf tmr0
0117   302F           00377         movlw d'47'
0118   00A3           00378     movwf counter
0119                  00379 frank1:
0119   1D0B           00380     btfss interrupt,2
011A   2919           00381     goto frank1
011B   110B           00382     bcf interrupt,2
011C   0BA3           00383     decfsz counter,1
011D   2919           00384     goto frank1
011E   110B           00385     bcf interrupt,2
011F   0008           00386     return
                      00387 
0120                  00388 delay3:         ;time delay usinf interrupt and time zero
0120   0181           00389         clrf tmr0
0121   30E3           00390         movlw d'227'
0122   00A3           00391     movwf counter
0123                  00392 frank2:
0123   1D0B           00393     btfss interrupt,2
0124   2923           00394     goto frank2
0125   110B           00395     bcf interrupt,2
0126   0BA3           00396     decfsz counter,1
0127   2923           00397     goto frank2
0128   110B           00398     bcf interrupt,2
0129   0008           00399     return
                      00400 
                      00401 
012A                  00402 delay2sec:
012A   0181           00403         clrf tmr0
012B   309C           00404         movlw d'156'
012C   00A3           00405     movwf counter
012D                  00406 frank3:
012D   1D0B           00407     btfss interrupt,2
012E   292D           00408     goto frank3
012F   110B           00409     bcf interrupt,2
0130   0BA3           00410     decfsz counter,1
0131   292D           00411     goto frank3
0132   110B           00412     bcf interrupt,2
0133   0008           00413     return
                      00414 
MPASM  5.46                      RECEIVER.ASM   11-26-2015  20:07:27         PAGE  9


LOC  OBJECT CODE     LINE SOURCE TEXT
  VALUE

0134                  00415 decrypt:                        ;decoding of the received signal goes on here
0134   0820           00416         movf receiver,0
0135   00A1           00417         movwf work
0136   1BA1           00418         btfsc work,7
0137   2148           00419         call decryptone
0138   1FA1           00420         btfss work,7
0139   214C           00421         call decryptzero
013A   1AA1           00422         btfsc work,5
013B   2148           00423         call decryptone
013C   1EA1           00424         btfss work,5
013D   214C           00425         call decryptzero
013E   19A1           00426         btfsc work,3
013F   2148           00427         call decryptone
0140   1DA1           00428         btfss work,3
0141   214C           00429         call decryptzero
0142   18A1           00430         btfsc work,1
0143   2148           00431         call decryptone
0144   1CA1           00432         btfss work,1
0145   214C           00433         call decryptzero
0146   0CA2           00434         rrf decode,1    ;rotates the bits right once to correct the effect from the decryption
0147   0008           00435         return
                      00436 
0148                  00437 decryptone:
0148   3001           00438         movlw b'00000001'
0149   06A2           00439         xorwf decode,1
014A   0DA2           00440         rlf decode,1
014B   0008           00441         return
                      00442 
014C                  00443 decryptzero:
014C   3000           00444         movlw b'00000000'
014D   06A2           00445         xorwf decode,1
014E   0DA2           00446         rlf decode,1
014F   0008           00447         return
                      00448 
                      00449         end
MPASM  5.46                      RECEIVER.ASM   11-26-2015  20:07:27         PAGE 10


SYMBOL TABLE
  LABEL                             VALUE 

CMCON                             0000001F
__16F84A                          00000001
__DEBUG                           1
bitcheck                          0000002F
bytecheck                         000000C1
checkbyte                         0000002E
checker                           00000024
controldelay                      00000030
counter                           00000023
decode                            00000022
decrypt                           00000134
decryptone                        00000148
decryptzero                       0000014C
delay                             0000010C
delay1                            00000116
delay2sec                         0000012A
delay3                            00000120
frank                             0000010F
frank1                            00000119
frank2                            00000123
frank3                            0000012D
interrupt                         0000000B
onandoff0                         0000007A
onandoff1                         00000080
onandoff2                         00000086
onandoff3                         0000008C
one                               00000107
oneth                             000000F3
oneth1                            000000FD
onstate                           0000002B
operation                         00000092
optionreg                         00000001
pin0                              00000025
pin1                              00000026
pin2                              00000027
pin3                              00000028
pin4                              00000029
porta                             00000005
portb                             00000006
preamble                          00000026
prestart                          00000019
receivedbyte                      0000002C
receiver                          00000020
reception                         00000058
start                             0000001E
startbyte                         0000002D
status                            00000003
switch                            00000064
temp                              0000002A
times                             0000001B
tmr0                              00000001
work                              00000021
zero                              00000102
MPASM  5.46                      RECEIVER.ASM   11-26-2015  20:07:27         PAGE 11


SYMBOL TABLE
  LABEL                             VALUE 

zeroth                            000000EE
zeroth1                           000000F8


MEMORY USAGE MAP ('X' = Used,  '-' = Unused)

0000 : XXXXXXXXXXXXXXXX XXXXXXXXXXXXXXXX XXXXXXXXXXXXXXXX XXXXXXXXXXXXXXXX
0040 : XXXXXXXXXXXXXXXX XXXXXXXXXXXXXXXX XXXXXXXXXXXXXXXX XXXXXXXXXXXXXXXX
0080 : XXXXXXXXXXXXXXXX XXXXXXXXXXXXXXXX XXXXXXXXXXXXXXXX XXXXXXXXXXXXXXXX
00C0 : XXXXXXXXXXXXXXXX XXXXXXXXXXXXXXXX XXXXXXXXXXXXXXXX XXXXXXXXXXXXXXXX
0100 : XXXXXXXXXXXXXXXX XXXXXXXXXXXXXXXX XXXXXXXXXXXXXXXX XXXXXXXXXXXXXXXX
0140 : XXXXXXXXXXXXXXXX ---------------- ---------------- ----------------

All other memory blocks unused.

Program Memory Words Used:   336
Program Memory Words Free:   688


Errors   :     0
Warnings :     0 reported,     0 suppressed
Messages :     1 reported,     0 suppressed

